// Jest Snapshot v1, https://goo.gl/fbAQLP

exports[`.toMatchDOMSnapshot() should accept a string 1`] = `
<div class="one">
  ONE
</div>
`;

exports[`.toMatchDOMSnapshot() should accept an ElementHandle 1`] = `
<div class="one">
  ONE
</div>
`;

exports[`.toMatchDOMSnapshot() should give useful errors when a selector isn't found 1`] = `"Unable to locate element matching selector \\".two\\""`;

exports[`.toMatchDOMSnapshot() should support named snapshots: named 1`] = `
<div class="one">
  ONE
</div>
`;
